=== Simulation: BNB UP oder DOWN → Coin kaufen → multi-Hold ROI ===

Zeitraum Events: 2025-02-04 → 2026-09-27 UTC
Referenz: BNB (BNBUSDT)
BOTH: Kauf wenn BNB ≥ +1.0% ODER ≤ −1.0% in 60 Min (1 × 1h)
RANDOM: Zufalls-Käufe, Seed=42 (pro Horizont = n_used Rise/BOTH bzw. N_RANDOM_TRADES)
Lookback: 600 Tage | Intervall: 1h | Fenster: 60 Min (1 Bars)
Hold-Horizonte (jeweils eigene Bot-Strategie, kein globales Portfolio): ['24h', '48h', '96h', '192h']
Exclude: ['HYPE', 'ZEC'] | Top-N: 100 (ohne Stables, ohne Ref)
Kosten: Fee 7.5 bps (0.075%) je Seite Kauf+Verkauf
Non-overlap: 1 Slot je Horizont, Cooldown = Hold-Länge (n = n_used nach Filter)

1) Coin-Universum…
   ohne Binance-Pair: ['FIGR_HELOC', 'XMR', 'WBT', 'RAIN', 'LEO', 'CC', 'CRO', 'BTW', 'USDG', 'M', 'OKB', 'USYC', 'BUIDL', 'MNT', 'HTX', 'EURSAFO', 'VVV', 'BGB', 'USDGO', 'USDF', 'KAS', 'GT', 'LIT', 'PI', 'KCS', 'BCAP', 'USTB', 'EUTBL', 'AKE', 'STABLE', 'XDC', 'FLR', 'BDX', 'JAAA', 'USD0', 'YLDS']
   64 Paare

2) BNB-Kerzen (Event-Erkennung, BNBUSDT)…
   14400 Kerzen | 353 UP | 390 DOWN | 743 BOTH

3) Simulation Coin für Coin (64)

--- [1/64] lade BTCUSDT …

========================================================================================================================
COIN BTCUSDT | BOTH | Buy nach BTC |move| ≥ 1.0% / 60m (UP und DOWN) | Hold 24h, 48h, 96h, 192h | 743 Trades
Buy&Hold über Zeitraum: 2025-02-04 20:00:00 UTC → 2026-09-27 19:00:00 UTC | ROI -14.15%
========================================================================================================================
   24h: n=269 (raw 743)  %pos=   46%  Ø=-0.16%  Compound=-40.21%
   48h: n=176 (raw 743)  %pos=   44%  Ø=-0.31%  Compound=-46.59%
   96h: n=106 (raw 743)  %pos=   50%  Ø=-0.27%  Compound=-32.18%
  192h: n=63 (raw 739)  %pos=   54%  Ø=-0.43%  Compound=-31.92%
Vergleich Buy&Hold (einfach halten): -14.15%


========================================================================================================================
COIN BTCUSDT | RANDOM | Zufalls-Käufe (unabhängig von BTC) | Hold 24h, 48h, 96h, 192h | 614 Trades
Buy&Hold über Zeitraum: 2025-02-04 20:00:00 UTC → 2026-09-27 19:00:00 UTC | ROI -14.15%
========================================================================================================================
   24h: n=269  %pos=   48%  Ø=-0.19%  Compound=-44.74%
   48h: n=176  %pos=   48%  Ø=-0.10%  Compound=-22.64%
   96h: n=106  %pos=   46%  Ø=-0.24%  Compound=-30.05%
  192h: n=63  %pos=   56%  Ø=-0.44%  Compound=-32.50%
Vergleich Buy&Hold (einfach halten): -14.15%

--- [2/64] lade ETHUSDT …

========================================================================================================================
COIN ETHUSDT | BOTH | Buy nach BTC |move| ≥ 1.0% / 60m (UP und DOWN) | Hold 24h, 48h, 96h, 192h | 743 Trades
Buy&Hold über Zeitraum: 2025-02-04 20:00:00 UTC → 2026-09-27 19:00:00 UTC | ROI -1.47%
========================================================================================================================
   24h: n=269 (raw 743)  %pos=   47%  Ø=-0.09%  Compound=-34.36%
   48h: n=176 (raw 743)  %pos=   48%  Ø=-0.27%  Compound=-48.62%
   96h: n=106 (raw 743)  %pos=   47%  Ø=-0.29%  Compound=-41.86%
  192h: n=63 (raw 739)  %pos=   51%  Ø=-0.41%  Compound=-41.14%
Vergleich Buy&Hold (einfach halten): -1.47%


========================================================================================================================
COIN ETHUSDT | RANDOM | Zufalls-Käufe (unabhängig von BTC) | Hold 24h, 48h, 96h, 192h | 614 Trades
Buy&Hold über Zeitraum: 2025-02-04 20:00:00 UTC → 2026-09-27 19:00:00 UTC | ROI -1.47%
========================================================================================================================
   24h: n=269  %pos=   52%  Ø=+0.13%  Compound=+22.11%
   48h: n=176  %pos=   51%  Ø=-0.04%  Compound=-26.70%
   96h: n=106  %pos=   47%  Ø=-0.88%  Compound=-71.11%
  192h: n=63  %pos=   59%  Ø=+0.20%  Compound=-20.89%
Vergleich Buy&Hold (einfach halten): -1.47%

--- [3/64] lade XRPUSDT …

========================================================================================================================
COIN XRPUSDT | BOTH | Buy nach BTC |move| ≥ 1.0% / 60m (UP und DOWN) | Hold 24h, 48h, 96h, 192h | 743 Trades
Buy&Hold über Zeitraum: 2025-02-04 20:00:00 UTC → 2026-09-27 19:00:00 UTC | ROI -39.77%
========================================================================================================================
   24h: n=269 (raw 743)  %pos=   43%  Ø=+0.06%  Compound=-8.21%
   48h: n=176 (raw 743)  %pos=   43%  Ø=-0.02%  Compound=-27.06%
   96h: n=106 (raw 743)  %pos=   38%  Ø=-0.44%  Compound=-54.82%
  192h: n=63 (raw 739)  %pos=   51%  Ø=-0.51%  Compound=-46.08%
Vergleich Buy&Hold (einfach halten): -39.77%


========================================================================================================================
COIN XRPUSDT | RANDOM | Zufalls-Käufe (unabhängig von BTC) | Hold 24h, 48h, 96h, 192h | 614 Trades
Buy&Hold über Zeitraum: 2025-02-04 20:00:00 UTC → 2026-09-27 19:00:00 UTC | ROI -39.77%
========================================================================================================================
   24h: n=269  %pos=   41%  Ø=-0.15%  Compound=-41.46%
   48h: n=176  %pos=   39%  Ø=-0.19%  Compound=-43.35%
   96h: n=106  %pos=   41%  Ø=-0.16%  Compound=-42.79%
  192h: n=63  %pos=   40%  Ø=-0.50%  Compound=-42.54%
Vergleich Buy&Hold (einfach halten): -39.77%

--- [4/64] lade SOLUSDT …

========================================================================================================================
COIN SOLUSDT | BOTH | Buy nach BTC |move| ≥ 1.0% / 60m (UP und DOWN) | Hold 24h, 48h, 96h, 192h | 743 Trades
Buy&Hold über Zeitraum: 2025-02-04 20:00:00 UTC → 2026-09-27 19:00:00 UTC | ROI -40.33%
========================================================================================================================
   24h: n=269 (raw 743)  %pos=   44%  Ø=-0.11%  Compound=-41.09%
   48h: n=176 (raw 743)  %pos=   41%  Ø=-0.45%  Compound=-64.83%
   96h: n=106 (raw 743)  %pos=   42%  Ø=-0.76%  Compound=-65.71%
  192h: n=63 (raw 739)  %pos=   52%  Ø=-0.73%  Compound=-56.78%
Vergleich Buy&Hold (einfach halten): -40.33%


========================================================================================================================
COIN SOLUSDT | RANDOM | Zufalls-Käufe (unabhängig von BTC) | Hold 24h, 48h, 96h, 192h | 614 Trades
Buy&Hold über Zeitraum: 2025-02-04 20:00:00 UTC → 2026-09-27 19:00:00 UTC | ROI -40.33%
========================================================================================================================
   24h: n=269  %pos=   44%  Ø=-0.30%  Compound=-63.48%
   48h: n=176  %pos=   47%  Ø=+0.01%  Compound=-22.53%
   96h: n=106  %pos=   47%  Ø=-0.68%  Compound=-60.80%
  192h: n=63  %pos=   44%  Ø=-0.88%  Compound=-60.32%
Vergleich Buy&Hold (einfach halten): -40.33%

--- [5/64] lade TRXUSDT …

========================================================================================================================
COIN TRXUSDT | BOTH | Buy nach BTC |move| ≥ 1.0% / 60m (UP und DOWN) | Hold 24h, 48h, 96h, 192h | 743 Trades
Buy&Hold über Zeitraum: 2025-02-04 20:00:00 UTC → 2026-09-27 19:00:00 UTC | ROI +48.58%
========================================================================================================================
   24h: n=269 (raw 743)  %pos=   45%  Ø=-0.10%  Compound=-26.97%
   48h: n=176 (raw 743)  %pos=   52%  Ø=+0.01%  Compound=-2.57%
   96h: n=106 (raw 743)  %pos=   56%  Ø=+0.06%  Compound=+1.58%
  192h: n=63 (raw 739)  %pos=   56%  Ø=+0.25%  Compound=+12.23%
Vergleich Buy&Hold (einfach halten): +48.58%


========================================================================================================================
COIN TRXUSDT | RANDOM | Zufalls-Käufe (unabhängig von BTC) | Hold 24h, 48h, 96h, 192h | 614 Trades
Buy&Hold über Zeitraum: 2025-02-04 20:00:00 UTC → 2026-09-27 19:00:00 UTC | ROI +48.58%
========================================================================================================================
   24h: n=269  %pos=   50%  Ø=-0.04%  Compound=-12.68%
   48h: n=176  %pos=   54%  Ø=-0.02%  Compound=-7.48%
   96h: n=106  %pos=   54%  Ø=+0.19%  Compound=+16.72%
  192h: n=63  %pos=   65%  Ø=+0.37%  Compound=+19.44%
Vergleich Buy&Hold (einfach halten): +48.58%

--- [6/64] lade DOGEUSDT …

========================================================================================================================
COIN DOGEUSDT | BOTH | Buy nach BTC |move| ≥ 1.0% / 60m (UP und DOWN) | Hold 24h, 48h, 96h, 192h | 743 Trades
Buy&Hold über Zeitraum: 2025-02-04 20:00:00 UTC → 2026-09-27 19:00:00 UTC | ROI -62.97%
========================================================================================================================
   24h: n=269 (raw 743)  %pos=   46%  Ø=-0.20%  Compound=-54.92%
   48h: n=176 (raw 743)  %pos=   43%  Ø=-0.44%  Compound=-66.71%
   96h: n=106 (raw 743)  %pos=   40%  Ø=-0.88%  Compound=-72.52%
  192h: n=63 (raw 739)  %pos=   41%  Ø=-1.01%  Compound=-62.34%
Vergleich Buy&Hold (einfach halten): -62.97%


========================================================================================================================
COIN DOGEUSDT | RANDOM | Zufalls-Käufe (unabhängig von BTC) | Hold 24h, 48h, 96h, 192h | 614 Trades
Buy&Hold über Zeitraum: 2025-02-04 20:00:00 UTC → 2026-09-27 19:00:00 UTC | ROI -62.97%
========================================================================================================================
   24h: n=269  %pos=   51%  Ø=-0.06%  Compound=-32.83%
   48h: n=176  %pos=   53%  Ø=+0.42%  Compound=+66.43%
   96h: n=106  %pos=   45%  Ø=-0.18%  Compound=-39.63%
  192h: n=63  %pos=   41%  Ø=-0.69%  Compound=-58.22%
Vergleich Buy&Hold (einfach halten): -62.97%

--- [7/64] lade LINKUSDT …

========================================================================================================================
COIN LINKUSDT | BOTH | Buy nach BTC |move| ≥ 1.0% / 60m (UP und DOWN) | Hold 24h, 48h, 96h, 192h | 743 Trades
Buy&Hold über Zeitraum: 2025-02-04 20:00:00 UTC → 2026-09-27 19:00:00 UTC | ROI -29.57%
========================================================================================================================
   24h: n=269 (raw 743)  %pos=   44%  Ø=-0.03%  Compound=-29.63%
   48h: n=176 (raw 743)  %pos=   44%  Ø=-0.32%  Compound=-56.26%
   96h: n=106 (raw 743)  %pos=   49%  Ø=-0.39%  Compound=-52.09%
  192h: n=63 (raw 739)  %pos=   52%  Ø=-0.20%  Compound=-36.84%
Vergleich Buy&Hold (einfach halten): -29.57%


========================================================================================================================
COIN LINKUSDT | RANDOM | Zufalls-Käufe (unabhängig von BTC) | Hold 24h, 48h, 96h, 192h | 614 Trades
Buy&Hold über Zeitraum: 2025-02-04 20:00:00 UTC → 2026-09-27 19:00:00 UTC | ROI -29.57%
========================================================================================================================
   24h: n=269  %pos=   45%  Ø=-0.37%  Compound=-71.05%
   48h: n=176  %pos=   48%  Ø=-0.18%  Compound=-42.45%
   96h: n=106  %pos=   44%  Ø=-0.52%  Compound=-57.03%
  192h: n=63  %pos=   51%  Ø=-0.72%  Compound=-54.72%
Vergleich Buy&Hold (einfach halten): -29.57%

--- [8/64] lade ADAUSDT …

========================================================================================================================
COIN ADAUSDT | BOTH | Buy nach BTC |move| ≥ 1.0% / 60m (UP und DOWN) | Hold 24h, 48h, 96h, 192h | 743 Trades
Buy&Hold über Zeitraum: 2025-02-04 20:00:00 UTC → 2026-09-27 19:00:00 UTC | ROI -65.80%
========================================================================================================================
   24h: n=269 (raw 743)  %pos=   46%  Ø=-0.17%  Compound=-50.94%
   48h: n=176 (raw 743)  %pos=   40%  Ø=-0.18%  Compound=-53.73%
   96h: n=106 (raw 743)  %pos=   42%  Ø=-0.85%  Compound=-71.65%
  192h: n=63 (raw 739)  %pos=   44%  Ø=-1.53%  Compound=-73.99%
Vergleich Buy&Hold (einfach halten): -65.80%


========================================================================================================================
COIN ADAUSDT | RANDOM | Zufalls-Käufe (unabhängig von BTC) | Hold 24h, 48h, 96h, 192h | 614 Trades
Buy&Hold über Zeitraum: 2025-02-04 20:00:00 UTC → 2026-09-27 19:00:00 UTC | ROI -65.80%
========================================================================================================================
   24h: n=269  %pos=   46%  Ø=+0.04%  Compound=-17.65%
   48h: n=176  %pos=   35%  Ø=-1.07%  Compound=-89.26%
   96h: n=106  %pos=   44%  Ø=+0.33%  Compound=-12.77%
  192h: n=63  %pos=   43%  Ø=-1.38%  Compound=-73.71%
Vergleich Buy&Hold (einfach halten): -65.80%

--- [9/64] lade XLMUSDT …

========================================================================================================================
COIN XLMUSDT | BOTH | Buy nach BTC |move| ≥ 1.0% / 60m (UP und DOWN) | Hold 24h, 48h, 96h, 192h | 743 Trades
Buy&Hold über Zeitraum: 2025-02-04 20:00:00 UTC → 2026-09-27 19:00:00 UTC | ROI -37.30%
========================================================================================================================
   24h: n=269 (raw 743)  %pos=   43%  Ø=+0.03%  Compound=-18.35%
   48h: n=176 (raw 743)  %pos=   42%  Ø=+0.03%  Compound=-32.21%
   96h: n=106 (raw 743)  %pos=   40%  Ø=-0.15%  Compound=-48.75%
  192h: n=63 (raw 739)  %pos=   46%  Ø=-0.23%  Compound=-47.78%
Vergleich Buy&Hold (einfach halten): -37.30%


========================================================================================================================
COIN XLMUSDT | RANDOM | Zufalls-Käufe (unabhängig von BTC) | Hold 24h, 48h, 96h, 192h | 614 Trades
Buy&Hold über Zeitraum: 2025-02-04 20:00:00 UTC → 2026-09-27 19:00:00 UTC | ROI -37.30%
========================================================================================================================
   24h: n=269  %pos=   44%  Ø=-0.10%  Compound=-42.57%
   48h: n=176  %pos=   45%  Ø=+0.26%  Compound=+15.11%
   96h: n=106  %pos=   45%  Ø=+0.12%  Compound=-29.57%
  192h: n=63  %pos=   38%  Ø=-0.10%  Compound=-51.60%
Vergleich Buy&Hold (einfach halten): -37.30%

--- [10/64] lade NEARUSDT …

========================================================================================================================
COIN NEARUSDT | BOTH | Buy nach BTC |move| ≥ 1.0% / 60m (UP und DOWN) | Hold 24h, 48h, 96h, 192h | 743 Trades
Buy&Hold über Zeitraum: 2025-02-04 20:00:00 UTC → 2026-09-27 19:00:00 UTC | ROI +58.58%
========================================================================================================================
   24h: n=269 (raw 743)  %pos=   45%  Ø=+0.15%  Compound=-8.22%
   48h: n=176 (raw 743)  %pos=   48%  Ø=+0.09%  Compound=-34.33%
   96h: n=106 (raw 743)  %pos=   42%  Ø=+0.77%  Compound=+28.38%
  192h: n=63 (raw 739)  %pos=   46%  Ø=+0.78%  Compound=-14.16%
Vergleich Buy&Hold (einfach halten): +58.58%


========================================================================================================================
COIN NEARUSDT | RANDOM | Zufalls-Käufe (unabhängig von BTC) | Hold 24h, 48h, 96h, 192h | 614 Trades
Buy&Hold über Zeitraum: 2025-02-04 20:00:00 UTC → 2026-09-27 19:00:00 UTC | ROI +58.58%
========================================================================================================================
   24h: n=269  %pos=   45%  Ø=-0.07%  Compound=-42.18%
   48h: n=176  %pos=   53%  Ø=+0.66%  Compound=+47.46%
   96h: n=106  %pos=   42%  Ø=+0.08%  Compound=-47.66%
  192h: n=63  %pos=   52%  Ø=+1.15%  Compound=-5.56%
Vergleich Buy&Hold (einfach halten): +58.58%

--- [11/64] lade BCHUSDT …

========================================================================================================================
COIN BCHUSDT | BOTH | Buy nach BTC |move| ≥ 1.0% / 60m (UP und DOWN) | Hold 24h, 48h, 96h, 192h | 743 Trades
Buy&Hold über Zeitraum: 2025-02-04 20:00:00 UTC → 2026-09-27 19:00:00 UTC | ROI +0.81%
========================================================================================================================
   24h: n=269 (raw 743)  %pos=   45%  Ø=-0.22%  Compound=-55.43%
   48h: n=176 (raw 743)  %pos=   44%  Ø=+0.15%  Compound=-4.66%
   96h: n=106 (raw 743)  %pos=   47%  Ø=-0.01%  Compound=-27.66%
  192h: n=63 (raw 739)  %pos=   46%  Ø=+0.07%  Compound=-25.75%
Vergleich Buy&Hold (einfach halten): +0.81%


========================================================================================================================
COIN BCHUSDT | RANDOM | Zufalls-Käufe (unabhängig von BTC) | Hold 24h, 48h, 96h, 192h | 614 Trades
Buy&Hold über Zeitraum: 2025-02-04 20:00:00 UTC → 2026-09-27 19:00:00 UTC | ROI +0.81%
========================================================================================================================
   24h: n=269  %pos=   44%  Ø=-0.26%  Compound=-59.59%
   48h: n=176  %pos=   44%  Ø=+0.19%  Compound=+3.96%
   96h: n=106  %pos=   45%  Ø=-0.37%  Compound=-50.57%
  192h: n=63  %pos=   46%  Ø=-1.14%  Compound=-63.96%
Vergleich Buy&Hold (einfach halten): +0.81%

--- [12/64] lade UNIUSDT …

========================================================================================================================
COIN UNIUSDT | BOTH | Buy nach BTC |move| ≥ 1.0% / 60m (UP und DOWN) | Hold 24h, 48h, 96h, 192h | 743 Trades
Buy&Hold über Zeitraum: 2025-02-04 20:00:00 UTC → 2026-09-27 19:00:00 UTC | ROI +7.15%
========================================================================================================================
   24h: n=269 (raw 743)  %pos=   49%  Ø=+0.18%  Compound=+9.90%
   48h: n=176 (raw 743)  %pos=   47%  Ø=+0.15%  Compound=-12.81%
   96h: n=106 (raw 743)  %pos=   44%  Ø=+0.02%  Compound=-39.34%
  192h: n=63 (raw 739)  %pos=   46%  Ø=+0.34%  Compound=-35.40%
Vergleich Buy&Hold (einfach halten): +7.15%


========================================================================================================================
COIN UNIUSDT | RANDOM | Zufalls-Käufe (unabhängig von BTC) | Hold 24h, 48h, 96h, 192h | 614 Trades
Buy&Hold über Zeitraum: 2025-02-04 20:00:00 UTC → 2026-09-27 19:00:00 UTC | ROI +7.15%
========================================================================================================================
   24h: n=269  %pos=   45%  Ø=-0.11%  Compound=-50.20%
   48h: n=176  %pos=   45%  Ø=-0.54%  Compound=-73.97%
   96h: n=106  %pos=   49%  Ø=+1.44%  Compound=+170.66%
  192h: n=63  %pos=   48%  Ø=+2.19%  Compound=+87.32%
Vergleich Buy&Hold (einfach halten): +7.15%

--- [13/64] lade LTCUSDT …

========================================================================================================================
COIN LTCUSDT | BOTH | Buy nach BTC |move| ≥ 1.0% / 60m (UP und DOWN) | Hold 24h, 48h, 96h, 192h | 743 Trades
Buy&Hold über Zeitraum: 2025-02-04 20:00:00 UTC → 2026-09-27 19:00:00 UTC | ROI -29.72%
========================================================================================================================
   24h: n=269 (raw 743)  %pos=   48%  Ø=-0.11%  Compound=-42.36%
   48h: n=176 (raw 743)  %pos=   43%  Ø=-0.09%  Compound=-33.07%
   96h: n=106 (raw 743)  %pos=   48%  Ø=-0.02%  Compound=-21.12%
  192h: n=63 (raw 739)  %pos=   51%  Ø=-0.02%  Compound=-23.60%
Vergleich Buy&Hold (einfach halten): -29.72%


========================================================================================================================
COIN LTCUSDT | RANDOM | Zufalls-Käufe (unabhängig von BTC) | Hold 24h, 48h, 96h, 192h | 614 Trades
Buy&Hold über Zeitraum: 2025-02-04 20:00:00 UTC → 2026-09-27 19:00:00 UTC | ROI -29.72%
========================================================================================================================
   24h: n=269  %pos=   42%  Ø=-0.35%  Compound=-68.17%
   48h: n=176  %pos=   49%  Ø=-0.30%  Compound=-50.99%
   96h: n=106  %pos=   44%  Ø=-0.15%  Compound=-33.64%
  192h: n=63  %pos=   41%  Ø=-0.85%  Compound=-55.80%
Vergleich Buy&Hold (einfach halten): -29.72%

--- [14/64] lade SUIUSDT …

========================================================================================================================
COIN SUIUSDT | BOTH | Buy nach BTC |move| ≥ 1.0% / 60m (UP und DOWN) | Hold 24h, 48h, 96h, 192h | 743 Trades
Buy&Hold über Zeitraum: 2025-02-04 20:00:00 UTC → 2026-09-27 19:00:00 UTC | ROI -64.64%
========================================================================================================================
   24h: n=269 (raw 743)  %pos=   41%  Ø=-0.24%  Compound=-62.85%
   48h: n=176 (raw 743)  %pos=   37%  Ø=-0.86%  Compound=-84.93%
   96h: n=106 (raw 743)  %pos=   40%  Ø=-1.15%  Compound=-81.05%
  192h: n=63 (raw 739)  %pos=   46%  Ø=-1.28%  Compound=-73.35%
Vergleich Buy&Hold (einfach halten): -64.64%


========================================================================================================================
COIN SUIUSDT | RANDOM | Zufalls-Käufe (unabhängig von BTC) | Hold 24h, 48h, 96h, 192h | 614 Trades
Buy&Hold über Zeitraum: 2025-02-04 20:00:00 UTC → 2026-09-27 19:00:00 UTC | ROI -64.64%
========================================================================================================================
   24h: n=269  %pos=   45%  Ø=-0.51%  Compound=-82.38%
   48h: n=176  %pos=   49%  Ø=+0.13%  Compound=-14.07%
   96h: n=106  %pos=   42%  Ø=-0.09%  Compound=-52.52%
  192h: n=63  %pos=   35%  Ø=-0.95%  Compound=-73.03%
Vergleich Buy&Hold (einfach halten): -64.64%

--- [15/64] lade AVAXUSDT …

========================================================================================================================
COIN AVAXUSDT | BOTH | Buy nach BTC |move| ≥ 1.0% / 60m (UP und DOWN) | Hold 24h, 48h, 96h, 192h | 743 Trades
Buy&Hold über Zeitraum: 2025-02-04 20:00:00 UTC → 2026-09-27 19:00:00 UTC | ROI -58.45%
========================================================================================================================
   24h: n=269 (raw 743)  %pos=   44%  Ø=-0.07%  Compound=-35.51%
   48h: n=176 (raw 743)  %pos=   46%  Ø=-0.53%  Compound=-71.14%
   96h: n=106 (raw 743)  %pos=   43%  Ø=-0.69%  Compound=-66.26%
  192h: n=63 (raw 739)  %pos=   49%  Ø=-0.95%  Compound=-62.82%
Vergleich Buy&Hold (einfach halten): -58.45%


========================================================================================================================
COIN AVAXUSDT | RANDOM | Zufalls-Käufe (unabhängig von BTC) | Hold 24h, 48h, 96h, 192h | 614 Trades
Buy&Hold über Zeitraum: 2025-02-04 20:00:00 UTC → 2026-09-27 19:00:00 UTC | ROI -58.45%
========================================================================================================================
   24h: n=269  %pos=   46%  Ø=-0.36%  Compound=-71.28%
   48h: n=176  %pos=   49%  Ø=+0.32%  Compound=+27.26%
   96h: n=106  %pos=   44%  Ø=+0.30%  Compound=+1.25%
  192h: n=63  %pos=   38%  Ø=-1.25%  Compound=-71.80%
Vergleich Buy&Hold (einfach halten): -58.45%

--- [16/64] lade GRAMUSDT …

========================================================================================================================
COIN GRAMUSDT | BOTH | Buy nach BTC |move| ≥ 1.0% / 60m (UP und DOWN) | Hold 24h, 48h, 96h, 192h | 743 Trades
Buy&Hold über Zeitraum: 2026-07-02 08:00:00 UTC → 2026-09-27 19:00:00 UTC | ROI +2.27%
========================================================================================================================
   24h: n=27 (raw 743)  %pos=   44%  Ø=+0.21%  Compound=+4.94%
   48h: n=21 (raw 743)  %pos=   33%  Ø=+0.36%  Compound=+5.54%
   96h: n=13 (raw 743)  %pos=   46%  Ø=+1.02%  Compound=+11.24%
  192h: n=8 (raw 739)  %pos=   62%  Ø=-0.17%  Compound=-3.11%
Vergleich Buy&Hold (einfach halten): +2.27%


========================================================================================================================
COIN GRAMUSDT | RANDOM | Zufalls-Käufe (unabhängig von BTC) | Hold 24h, 48h, 96h, 192h | 69 Trades
Buy&Hold über Zeitraum: 2026-07-02 08:00:00 UTC → 2026-09-27 19:00:00 UTC | ROI +2.27%
========================================================================================================================
   24h: n=27  %pos=   33%  Ø=-0.28%  Compound=-8.01%
   48h: n=21  %pos=   33%  Ø=-0.99%  Compound=-20.04%
   96h: n=13  %pos=   31%  Ø=-2.06%  Compound=-24.43%
  192h: n=8  %pos=   25%  Ø=-3.99%  Compound=-28.65%
Vergleich Buy&Hold (einfach halten): +2.27%

--- [17/64] lade HBARUSDT …

========================================================================================================================
COIN HBARUSDT | BOTH | Buy nach BTC |move| ≥ 1.0% / 60m (UP und DOWN) | Hold 24h, 48h, 96h, 192h | 743 Trades
Buy&Hold über Zeitraum: 2025-02-04 20:00:00 UTC → 2026-09-27 19:00:00 UTC | ROI -62.38%
========================================================================================================================
   24h: n=269 (raw 743)  %pos=   40%  Ø=-0.03%  Compound=-32.44%
   48h: n=176 (raw 743)  %pos=   40%  Ø=-0.14%  Compound=-40.93%
   96h: n=106 (raw 743)  %pos=   44%  Ø=-0.11%  Compound=-40.28%
  192h: n=63 (raw 739)  %pos=   48%  Ø=-1.00%  Compound=-61.49%
Vergleich Buy&Hold (einfach halten): -62.38%


========================================================================================================================
COIN HBARUSDT | RANDOM | Zufalls-Käufe (unabhängig von BTC) | Hold 24h, 48h, 96h, 192h | 614 Trades
Buy&Hold über Zeitraum: 2025-02-04 20:00:00 UTC → 2026-09-27 19:00:00 UTC | ROI -62.38%
========================================================================================================================
   24h: n=269  %pos=   46%  Ø=-0.24%  Compound=-57.55%
   48h: n=176  %pos=   47%  Ø=-0.06%  Compound=-30.01%
   96h: n=106  %pos=   40%  Ø=-0.97%  Compound=-74.23%
  192h: n=63  %pos=   41%  Ø=-0.69%  Compound=-55.95%
Vergleich Buy&Hold (einfach halten): -62.38%

--- [18/64] lade TAOUSDT …

========================================================================================================================
COIN TAOUSDT | BOTH | Buy nach BTC |move| ≥ 1.0% / 60m (UP und DOWN) | Hold 24h, 48h, 96h, 192h | 743 Trades
Buy&Hold über Zeitraum: 2025-02-04 20:00:00 UTC → 2026-09-27 19:00:00 UTC | ROI -9.57%
========================================================================================================================
   24h: n=269 (raw 743)  %pos=   43%  Ø=+0.16%  Compound=-5.80%
   48h: n=176 (raw 743)  %pos=   46%  Ø=+0.13%  Compound=-27.30%
   96h: n=106 (raw 743)  %pos=   45%  Ø=+0.31%  Compound=-23.87%
  192h: n=63 (raw 739)  %pos=   54%  Ø=+1.05%  Compound=-9.10%
Vergleich Buy&Hold (einfach halten): -9.57%


========================================================================================================================
COIN TAOUSDT | RANDOM | Zufalls-Käufe (unabhängig von BTC) | Hold 24h, 48h, 96h, 192h | 614 Trades
Buy&Hold über Zeitraum: 2025-02-04 20:00:00 UTC → 2026-09-27 19:00:00 UTC | ROI -9.57%
========================================================================================================================
   24h: n=269  %pos=   41%  Ø=-0.33%  Compound=-71.94%
   48h: n=176  %pos=   53%  Ø=+0.47%  Compound=+46.00%
   96h: n=106  %pos=   48%  Ø=+0.57%  Compound=+5.07%
  192h: n=63  %pos=   51%  Ø=+1.29%  Compound=+19.40%
Vergleich Buy&Hold (einfach halten): -9.57%

--- [19/64] lade SHIBUSDT …

========================================================================================================================
COIN SHIBUSDT | BOTH | Buy nach BTC |move| ≥ 1.0% / 60m (UP und DOWN) | Hold 24h, 48h, 96h, 192h | 743 Trades
Buy&Hold über Zeitraum: 2025-02-04 20:00:00 UTC → 2026-09-27 19:00:00 UTC | ROI -62.13%
========================================================================================================================
   24h: n=269 (raw 743)  %pos=   47%  Ø=-0.23%  Compound=-55.37%
   48h: n=176 (raw 743)  %pos=   43%  Ø=-0.48%  Compound=-65.14%
   96h: n=106 (raw 743)  %pos=   43%  Ø=-0.98%  Compound=-71.14%
  192h: n=63 (raw 739)  %pos=   43%  Ø=-1.53%  Compound=-69.73%
Vergleich Buy&Hold (einfach halten): -62.13%


========================================================================================================================
COIN SHIBUSDT | RANDOM | Zufalls-Käufe (unabhängig von BTC) | Hold 24h, 48h, 96h, 192h | 614 Trades
Buy&Hold über Zeitraum: 2025-02-04 20:00:00 UTC → 2026-09-27 19:00:00 UTC | ROI -62.13%
========================================================================================================================
   24h: n=269  %pos=   45%  Ø=-0.33%  Compound=-65.73%
   48h: n=176  %pos=   48%  Ø=-0.04%  Compound=-28.45%
   96h: n=106  %pos=   41%  Ø=-1.06%  Compound=-75.17%
  192h: n=63  %pos=   41%  Ø=-1.36%  Compound=-68.51%
Vergleich Buy&Hold (einfach halten): -62.13%

--- [20/64] lade ENAUSDT …

========================================================================================================================
COIN ENAUSDT | BOTH | Buy nach BTC |move| ≥ 1.0% / 60m (UP und DOWN) | Hold 24h, 48h, 96h, 192h | 743 Trades
Buy&Hold über Zeitraum: 2025-02-04 20:00:00 UTC → 2026-09-27 19:00:00 UTC | ROI -53.24%
========================================================================================================================
   24h: n=269 (raw 743)  %pos=   41%  Ø=-0.18%  Compound=-66.12%
   48h: n=176 (raw 743)  %pos=   44%  Ø=+0.02%  Compound=-55.27%
   96h: n=106 (raw 743)  %pos=   44%  Ø=-0.08%  Compound=-62.11%
  192h: n=63 (raw 739)  %pos=   43%  Ø=+0.22%  Compound=-62.66%
Vergleich Buy&Hold (einfach halten): -53.24%


========================================================================================================================
COIN ENAUSDT | RANDOM | Zufalls-Käufe (unabhängig von BTC) | Hold 24h, 48h, 96h, 192h | 614 Trades
Buy&Hold über Zeitraum: 2025-02-04 20:00:00 UTC → 2026-09-27 19:00:00 UTC | ROI -53.24%
========================================================================================================================
   24h: n=269  %pos=   47%  Ø=+0.22%  Compound=-3.67%
   48h: n=176  %pos=   42%  Ø=-0.46%  Compound=-80.86%
   96h: n=106  %pos=   41%  Ø=+0.37%  Compound=-42.67%
  192h: n=63  %pos=   44%  Ø=+1.16%  Compound=-33.50%
Vergleich Buy&Hold (einfach halten): -53.24%

--- [21/64] lade QNTUSDT …

========================================================================================================================
COIN QNTUSDT | BOTH | Buy nach BTC |move| ≥ 1.0% / 60m (UP und DOWN) | Hold 24h, 48h, 96h, 192h | 743 Trades
Buy&Hold über Zeitraum: 2025-02-04 20:00:00 UTC → 2026-09-27 19:00:00 UTC | ROI +104.37%
========================================================================================================================
   24h: n=269 (raw 743)  %pos=   45%  Ø=-0.05%  Compound=-28.02%
   48h: n=176 (raw 743)  %pos=   43%  Ø=+0.21%  Compound=+8.90%
   96h: n=106 (raw 743)  %pos=   44%  Ø=+1.14%  Compound=+65.76%
  192h: n=63 (raw 739)  %pos=   43%  Ø=+1.05%  Compound=+30.82%
Vergleich Buy&Hold (einfach halten): +104.37%


========================================================================================================================
COIN QNTUSDT | RANDOM | Zufalls-Käufe (unabhängig von BTC) | Hold 24h, 48h, 96h, 192h | 614 Trades
Buy&Hold über Zeitraum: 2025-02-04 20:00:00 UTC → 2026-09-27 19:00:00 UTC | ROI +104.37%
========================================================================================================================
   24h: n=269  %pos=   49%  Ø=+0.15%  Compound=+22.79%
   48h: n=176  %pos=   46%  Ø=+0.07%  Compound=-8.34%
   96h: n=106  %pos=   44%  Ø=+0.43%  Compound=+17.49%
  192h: n=63  %pos=   41%  Ø=+0.28%  Compound=-11.58%
Vergleich Buy&Hold (einfach halten): +104.37%

--- [22/64] lade ONDOUSDT …

========================================================================================================================
COIN ONDOUSDT | BOTH | Buy nach BTC |move| ≥ 1.0% / 60m (UP und DOWN) | Hold 24h, 48h, 96h, 192h | 743 Trades
Buy&Hold über Zeitraum: 2025-04-11 14:00:00 UTC → 2026-09-27 19:00:00 UTC | ROI -36.93%
========================================================================================================================
   24h: n=228 (raw 743)  %pos=   45%  Ø=+0.26%  Compound=+30.97%
   48h: n=153 (raw 743)  %pos=   41%  Ø=-0.07%  Compound=-37.00%
   96h: n=93 (raw 743)  %pos=   49%  Ø=+0.13%  Compound=-14.91%
  192h: n=55 (raw 739)  %pos=   45%  Ø=+0.11%  Compound=-26.37%
Vergleich Buy&Hold (einfach halten): -36.93%


========================================================================================================================
COIN ONDOUSDT | RANDOM | Zufalls-Käufe (unabhängig von BTC) | Hold 24h, 48h, 96h, 192h | 529 Trades
Buy&Hold über Zeitraum: 2025-04-11 14:00:00 UTC → 2026-09-27 19:00:00 UTC | ROI -36.93%
========================================================================================================================
   24h: n=228  %pos=   50%  Ø=+0.16%  Compound=+12.61%
   48h: n=153  %pos=   42%  Ø=-0.50%  Compound=-68.16%
   96h: n=93  %pos=   43%  Ø=-0.05%  Compound=-32.77%
  192h: n=55  %pos=   49%  Ø=+0.03%  Compound=-33.71%
Vergleich Buy&Hold (einfach halten): -36.93%

--- [23/64] lade XAUTUSDT …

========================================================================================================================
COIN XAUTUSDT | BOTH | Buy nach BTC |move| ≥ 1.0% / 60m (UP und DOWN) | Hold 24h, 48h, 96h, 192h | 743 Trades
Buy&Hold über Zeitraum: 2026-03-26 14:00:00 UTC → 2026-09-27 19:00:00 UTC | ROI -4.31%
========================================================================================================================
   24h: n=69 (raw 743)  %pos=   38%  Ø=-0.28%  Compound=-18.12%
   48h: n=49 (raw 743)  %pos=   41%  Ø=-0.25%  Compound=-12.33%
   96h: n=31 (raw 743)  %pos=   39%  Ø=-0.06%  Compound=-2.64%
  192h: n=19 (raw 739)  %pos=   42%  Ø=-0.52%  Compound=-10.40%
Vergleich Buy&Hold (einfach halten): -4.31%


========================================================================================================================
COIN XAUTUSDT | RANDOM | Zufalls-Käufe (unabhängig von BTC) | Hold 24h, 48h, 96h, 192h | 168 Trades
Buy&Hold über Zeitraum: 2026-03-26 14:00:00 UTC → 2026-09-27 19:00:00 UTC | ROI -4.31%
========================================================================================================================
   24h: n=69  %pos=   46%  Ø=-0.02%  Compound=-1.69%
   48h: n=49  %pos=   43%  Ø=-0.01%  Compound=-0.76%
   96h: n=31  %pos=   35%  Ø=+0.10%  Compound=+2.40%
  192h: n=19  %pos=   42%  Ø=-0.50%  Compound=-9.80%
Vergleich Buy&Hold (einfach halten): -4.31%

--- [24/64] lade AAVEUSDT …

========================================================================================================================
COIN AAVEUSDT | BOTH | Buy nach BTC |move| ≥ 1.0% / 60m (UP und DOWN) | Hold 24h, 48h, 96h, 192h | 743 Trades
Buy&Hold über Zeitraum: 2025-02-04 20:00:00 UTC → 2026-09-27 19:00:00 UTC | ROI -40.14%
========================================================================================================================
   24h: n=269 (raw 743)  %pos=   47%  Ø=+0.06%  Compound=-14.55%
   48h: n=176 (raw 743)  %pos=   45%  Ø=-0.22%  Compound=-52.29%
   96h: n=106 (raw 743)  %pos=   49%  Ø=-0.31%  Compound=-52.00%
  192h: n=63 (raw 739)  %pos=   46%  Ø=-1.43%  Compound=-74.04%
Vergleich Buy&Hold (einfach halten): -40.14%


========================================================================================================================
COIN AAVEUSDT | RANDOM | Zufalls-Käufe (unabhängig von BTC) | Hold 24h, 48h, 96h, 192h | 614 Trades
Buy&Hold über Zeitraum: 2025-02-04 20:00:00 UTC → 2026-09-27 19:00:00 UTC | ROI -40.14%
========================================================================================================================
   24h: n=269  %pos=   48%  Ø=-0.02%  Compound=-26.44%
   48h: n=176  %pos=   48%  Ø=+0.36%  Compound=+29.70%
   96h: n=106  %pos=   46%  Ø=-0.43%  Compound=-54.44%
  192h: n=63  %pos=   51%  Ø=-0.13%  Compound=-44.94%
Vergleich Buy&Hold (einfach halten): -40.14%

--- [25/64] lade PUMPUSDT …

========================================================================================================================
COIN PUMPUSDT | BOTH | Buy nach BTC |move| ≥ 1.0% / 60m (UP und DOWN) | Hold 24h, 48h, 96h, 192h | 743 Trades
Buy&Hold über Zeitraum: 2025-09-11 12:00:00 UTC → 2026-09-27 19:00:00 UTC | ROI -11.28%
========================================================================================================================
   24h: n=178 (raw 743)  %pos=   42%  Ø=-0.32%  Compound=-64.14%
   48h: n=117 (raw 743)  %pos=   38%  Ø=-1.33%  Compound=-87.00%
   96h: n=70 (raw 743)  %pos=   44%  Ø=-0.45%  Compound=-63.84%
  192h: n=41 (raw 739)  %pos=   46%  Ø=+0.07%  Compound=-52.96%
Vergleich Buy&Hold (einfach halten): -11.28%


========================================================================================================================
COIN PUMPUSDT | RANDOM | Zufalls-Käufe (unabhängig von BTC) | Hold 24h, 48h, 96h, 192h | 406 Trades
Buy&Hold über Zeitraum: 2025-09-11 12:00:00 UTC → 2026-09-27 19:00:00 UTC | ROI -11.28%
========================================================================================================================
   24h: n=178  %pos=   46%  Ø=-0.40%  Compound=-67.10%
   48h: n=117  %pos=   47%  Ø=-0.21%  Compound=-55.45%
   96h: n=70  %pos=   50%  Ø=+0.21%  Compound=-34.38%
  192h: n=41  %pos=   46%  Ø=+1.15%  Compound=-37.51%
Vergleich Buy&Hold (einfach halten): -11.28%

--- [26/64] lade DOTUSDT …

========================================================================================================================
COIN DOTUSDT | BOTH | Buy nach BTC |move| ≥ 1.0% / 60m (UP und DOWN) | Hold 24h, 48h, 96h, 192h | 743 Trades
Buy&Hold über Zeitraum: 2025-02-04 20:00:00 UTC → 2026-09-27 19:00:00 UTC | ROI -73.13%
========================================================================================================================
   24h: n=269 (raw 743)  %pos=   43%  Ø=-0.21%  Compound=-56.94%
   48h: n=176 (raw 743)  %pos=   40%  Ø=-0.52%  Compound=-71.35%
   96h: n=106 (raw 743)  %pos=   44%  Ø=-0.89%  Compound=-71.64%
  192h: n=63 (raw 739)  %pos=   43%  Ø=-1.60%  Compound=-74.69%
Vergleich Buy&Hold (einfach halten): -73.13%


========================================================================================================================
COIN DOTUSDT | RANDOM | Zufalls-Käufe (unabhängig von BTC) | Hold 24h, 48h, 96h, 192h | 614 Trades
Buy&Hold über Zeitraum: 2025-02-04 20:00:00 UTC → 2026-09-27 19:00:00 UTC | ROI -73.13%
========================================================================================================================
   24h: n=269  %pos=   40%  Ø=-0.49%  Compound=-80.06%
   48h: n=176  %pos=   44%  Ø=-0.42%  Compound=-66.58%
   96h: n=106  %pos=   46%  Ø=-0.49%  Compound=-58.75%
  192h: n=63  %pos=   41%  Ø=-1.27%  Compound=-68.93%
Vergleich Buy&Hold (einfach halten): -73.13%

--- [27/64] lade WLDUSDT …

========================================================================================================================
COIN WLDUSDT | BOTH | Buy nach BTC |move| ≥ 1.0% / 60m (UP und DOWN) | Hold 24h, 48h, 96h, 192h | 743 Trades
Buy&Hold über Zeitraum: 2025-02-04 20:00:00 UTC → 2026-09-27 19:00:00 UTC | ROI -57.05%
========================================================================================================================
   24h: n=269 (raw 743)  %pos=   45%  Ø=-0.11%  Compound=-54.75%
   48h: n=176 (raw 743)  %pos=   44%  Ø=-0.33%  Compound=-70.22%
   96h: n=106 (raw 743)  %pos=   38%  Ø=-0.56%  Compound=-71.45%
  192h: n=63 (raw 739)  %pos=   44%  Ø=+0.68%  Compound=-47.68%
Vergleich Buy&Hold (einfach halten): -57.05%


========================================================================================================================
COIN WLDUSDT | RANDOM | Zufalls-Käufe (unabhängig von BTC) | Hold 24h, 48h, 96h, 192h | 614 Trades
Buy&Hold über Zeitraum: 2025-02-04 20:00:00 UTC → 2026-09-27 19:00:00 UTC | ROI -57.05%
========================================================================================================================
   24h: n=269  %pos=   47%  Ø=+0.19%  Compound=-18.04%
   48h: n=176  %pos=   46%  Ø=-0.06%  Compound=-56.75%
   96h: n=106  %pos=   44%  Ø=+1.13%  Compound=+33.60%
  192h: n=63  %pos=   33%  Ø=-0.80%  Compound=-79.62%
Vergleich Buy&Hold (einfach halten): -57.05%

--- [28/64] lade ASTERUSDT …

========================================================================================================================
COIN ASTERUSDT | BOTH | Buy nach BTC |move| ≥ 1.0% / 60m (UP und DOWN) | Hold 24h, 48h, 96h, 192h | 743 Trades
Buy&Hold über Zeitraum: 2025-10-06 12:00:00 UTC → 2026-09-27 19:00:00 UTC | ROI -66.17%
========================================================================================================================
   24h: n=163 (raw 743)  %pos=   46%  Ø=-0.32%  Compound=-53.77%
   48h: n=108 (raw 743)  %pos=   44%  Ø=-0.84%  Compound=-68.09%
   96h: n=64 (raw 743)  %pos=   36%  Ø=-1.99%  Compound=-77.33%
  192h: n=38 (raw 739)  %pos=   39%  Ø=-1.63%  Compound=-61.70%
Vergleich Buy&Hold (einfach halten): -66.17%


========================================================================================================================
COIN ASTERUSDT | RANDOM | Zufalls-Käufe (unabhängig von BTC) | Hold 24h, 48h, 96h, 192h | 373 Trades
Buy&Hold über Zeitraum: 2025-10-06 12:00:00 UTC → 2026-09-27 19:00:00 UTC | ROI -66.17%
========================================================================================================================
   24h: n=163  %pos=   48%  Ø=-0.31%  Compound=-47.71%
   48h: n=108  %pos=   44%  Ø=-0.36%  Compound=-47.23%
   96h: n=64  %pos=   45%  Ø=-1.89%  Compound=-75.67%
  192h: n=38  %pos=   45%  Ø=-1.79%  Compound=-61.29%
Vergleich Buy&Hold (einfach halten): -66.17%

--- [29/64] lade MORPHOUSDT …

========================================================================================================================
COIN MORPHOUSDT | BOTH | Buy nach BTC |move| ≥ 1.0% / 60m (UP und DOWN) | Hold 24h, 48h, 96h, 192h | 743 Trades
Buy&Hold über Zeitraum: 2025-10-03 15:00:00 UTC → 2026-09-27 19:00:00 UTC | ROI +39.54%
========================================================================================================================
   24h: n=165 (raw 743)  %pos=   47%  Ø=+0.19%  Compound=+7.85%
   48h: n=109 (raw 743)  %pos=   46%  Ø=+0.57%  Compound=+33.73%
   96h: n=65 (raw 743)  %pos=   51%  Ø=+1.11%  Compound=+61.15%
  192h: n=39 (raw 739)  %pos=   51%  Ø=+1.26%  Compound=+11.05%
Vergleich Buy&Hold (einfach halten): +39.54%


========================================================================================================================
COIN MORPHOUSDT | RANDOM | Zufalls-Käufe (unabhängig von BTC) | Hold 24h, 48h, 96h, 192h | 378 Trades
Buy&Hold über Zeitraum: 2025-10-03 15:00:00 UTC → 2026-09-27 19:00:00 UTC | ROI +39.54%
========================================================================================================================
   24h: n=165  %pos=   45%  Ø=+0.26%  Compound=+27.42%
   48h: n=109  %pos=   44%  Ø=-0.65%  Compound=-61.23%
   96h: n=65  %pos=   49%  Ø=+0.77%  Compound=+32.05%
  192h: n=39  %pos=   56%  Ø=+1.70%  Compound=+38.87%
Vergleich Buy&Hold (einfach halten): +39.54%

--- [30/64] lade WLFIUSDT …

========================================================================================================================
COIN WLFIUSDT | BOTH | Buy nach BTC |move| ≥ 1.0% / 60m (UP und DOWN) | Hold 24h, 48h, 96h, 192h | 743 Trades
Buy&Hold über Zeitraum: 2025-09-01 13:00:00 UTC → 2026-09-27 19:00:00 UTC | ROI -79.09%
========================================================================================================================
   24h: n=179 (raw 743)  %pos=   46%  Ø=-0.49%  Compound=-68.34%
   48h: n=118 (raw 743)  %pos=   42%  Ø=-0.99%  Compound=-74.64%
   96h: n=71 (raw 743)  %pos=   41%  Ø=-1.65%  Compound=-77.78%
  192h: n=42 (raw 739)  %pos=   33%  Ø=-3.03%  Compound=-78.24%
Vergleich Buy&Hold (einfach halten): -79.09%


========================================================================================================================
COIN WLFIUSDT | RANDOM | Zufalls-Käufe (unabhängig von BTC) | Hold 24h, 48h, 96h, 192h | 410 Trades
Buy&Hold über Zeitraum: 2025-09-01 13:00:00 UTC → 2026-09-27 19:00:00 UTC | ROI -79.09%
========================================================================================================================
   24h: n=179  %pos=   46%  Ø=+0.04%  Compound=-13.08%
   48h: n=118  %pos=   46%  Ø=-0.61%  Compound=-63.23%
   96h: n=71  %pos=   41%  Ø=-1.60%  Compound=-76.91%
  192h: n=42  %pos=   40%  Ø=-3.41%  Compound=-84.53%
Vergleich Buy&Hold (einfach halten): -79.09%

--- [31/64] lade PAXGUSDT …

========================================================================================================================
COIN PAXGUSDT | BOTH | Buy nach BTC |move| ≥ 1.0% / 60m (UP und DOWN) | Hold 24h, 48h, 96h, 192h | 743 Trades
Buy&Hold über Zeitraum: 2025-02-04 20:00:00 UTC → 2026-09-27 19:00:00 UTC | ROI +49.85%
========================================================================================================================
   24h: n=269 (raw 743)  %pos=   45%  Ø=-0.08%  Compound=-22.14%
   48h: n=176 (raw 743)  %pos=   50%  Ø=-0.05%  Compound=-11.08%
   96h: n=106 (raw 743)  %pos=   47%  Ø=+0.16%  Compound=+14.96%
  192h: n=63 (raw 739)  %pos=   56%  Ø=+0.29%  Compound=+15.25%
Vergleich Buy&Hold (einfach halten): +49.85%


========================================================================================================================
COIN PAXGUSDT | RANDOM | Zufalls-Käufe (unabhängig von BTC) | Hold 24h, 48h, 96h, 192h | 614 Trades
Buy&Hold über Zeitraum: 2025-02-04 20:00:00 UTC → 2026-09-27 19:00:00 UTC | ROI +49.85%
========================================================================================================================
   24h: n=269  %pos=   45%  Ø=-0.06%  Compound=-17.79%
   48h: n=176  %pos=   47%  Ø=-0.08%  Compound=-15.92%
   96h: n=106  %pos=   50%  Ø=+0.06%  Compound=+3.11%
  192h: n=63  %pos=   57%  Ø=+0.51%  Compound=+31.79%
Vergleich Buy&Hold (einfach halten): +49.85%

--- [32/64] lade PEPEUSDT …

========================================================================================================================
COIN PEPEUSDT | BOTH | Buy nach BTC |move| ≥ 1.0% / 60m (UP und DOWN) | Hold 24h, 48h, 96h, 192h | 743 Trades
Buy&Hold über Zeitraum: 2025-02-04 20:00:00 UTC → 2026-09-27 19:00:00 UTC | ROI -56.12%
========================================================================================================================
   24h: n=269 (raw 743)  %pos=   42%  Ø=-0.33%  Compound=-71.40%
   48h: n=176 (raw 743)  %pos=   39%  Ø=-0.59%  Compound=-77.99%
   96h: n=106 (raw 743)  %pos=   35%  Ø=-1.40%  Compound=-86.42%
  192h: n=63 (raw 739)  %pos=   44%  Ø=-0.90%  Compound=-69.36%
Vergleich Buy&Hold (einfach halten): -56.12%


========================================================================================================================
COIN PEPEUSDT | RANDOM | Zufalls-Käufe (unabhängig von BTC) | Hold 24h, 48h, 96h, 192h | 614 Trades
Buy&Hold über Zeitraum: 2025-02-04 20:00:00 UTC → 2026-09-27 19:00:00 UTC | ROI -56.12%
========================================================================================================================
   24h: n=269  %pos=   42%  Ø=-0.44%  Compound=-78.92%
   48h: n=176  %pos=   46%  Ø=-0.15%  Compound=-55.98%
   96h: n=106  %pos=   41%  Ø=-0.80%  Compound=-76.17%
  192h: n=63  %pos=   40%  Ø=-0.42%  Compound=-65.99%
Vergleich Buy&Hold (einfach halten): -56.12%

--- [33/64] lade SKYUSDT …

========================================================================================================================
COIN SKYUSDT | BOTH | Buy nach BTC |move| ≥ 1.0% / 60m (UP und DOWN) | Hold 24h, 48h, 96h, 192h | 743 Trades
Buy&Hold über Zeitraum: 2025-09-17 08:00:00 UTC → 2026-09-27 19:00:00 UTC | ROI +5.76%
========================================================================================================================
   24h: n=174 (raw 743)  %pos=   43%  Ø=-0.30%  Compound=-48.01%
   48h: n=115 (raw 743)  %pos=   44%  Ø=-0.26%  Compound=-34.52%
   96h: n=69 (raw 743)  %pos=   51%  Ø=+0.20%  Compound=-2.45%
  192h: n=41 (raw 739)  %pos=   44%  Ø=+0.00%  Compound=-17.69%
Vergleich Buy&Hold (einfach halten): +5.76%


========================================================================================================================
COIN SKYUSDT | RANDOM | Zufalls-Käufe (unabhängig von BTC) | Hold 24h, 48h, 96h, 192h | 399 Trades
Buy&Hold über Zeitraum: 2025-09-17 08:00:00 UTC → 2026-09-27 19:00:00 UTC | ROI +5.76%
========================================================================================================================
   24h: n=174  %pos=   49%  Ø=+0.02%  Compound=-7.82%
   48h: n=115  %pos=   51%  Ø=+0.06%  Compound=-8.28%
   96h: n=69  %pos=   51%  Ø=-0.29%  Compound=-32.80%
  192h: n=41  %pos=   54%  Ø=+0.15%  Compound=-12.00%
Vergleich Buy&Hold (einfach halten): +5.76%

--- [34/64] lade ICPUSDT …

========================================================================================================================
COIN ICPUSDT | BOTH | Buy nach BTC |move| ≥ 1.0% / 60m (UP und DOWN) | Hold 24h, 48h, 96h, 192h | 743 Trades
Buy&Hold über Zeitraum: 2025-02-04 20:00:00 UTC → 2026-09-27 19:00:00 UTC | ROI -54.73%
========================================================================================================================
   24h: n=269 (raw 743)  %pos=   42%  Ø=+0.08%  Compound=-14.42%
   48h: n=176 (raw 743)  %pos=   45%  Ø=-0.21%  Compound=-61.11%
   96h: n=106 (raw 743)  %pos=   43%  Ø=-0.64%  Compound=-71.53%
  192h: n=63 (raw 739)  %pos=   41%  Ø=-1.02%  Compound=-68.60%
Vergleich Buy&Hold (einfach halten): -54.73%


========================================================================================================================
COIN ICPUSDT | RANDOM | Zufalls-Käufe (unabhängig von BTC) | Hold 24h, 48h, 96h, 192h | 614 Trades
Buy&Hold über Zeitraum: 2025-02-04 20:00:00 UTC → 2026-09-27 19:00:00 UTC | ROI -54.73%
========================================================================================================================
   24h: n=269  %pos=   43%  Ø=-0.46%  Compound=-79.78%
   48h: n=176  %pos=   41%  Ø=-0.90%  Compound=-84.80%
   96h: n=106  %pos=   46%  Ø=+0.37%  Compound=-23.42%
  192h: n=63  %pos=   48%  Ø=+0.24%  Compound=-45.82%
Vergleich Buy&Hold (einfach halten): -54.73%

--- [35/64] lade ARBUSDT …

========================================================================================================================
COIN ARBUSDT | BOTH | Buy nach BTC |move| ≥ 1.0% / 60m (UP und DOWN) | Hold 24h, 48h, 96h, 192h | 743 Trades
Buy&Hold über Zeitraum: 2025-02-04 20:00:00 UTC → 2026-09-27 19:00:00 UTC | ROI -51.90%
========================================================================================================================
   24h: n=269 (raw 743)  %pos=   44%  Ø=+0.04%  Compound=-32.77%
   48h: n=176 (raw 743)  %pos=   42%  Ø=-0.62%  Compound=-78.70%
   96h: n=106 (raw 743)  %pos=   41%  Ø=-0.75%  Compound=-72.69%
  192h: n=63 (raw 739)  %pos=   49%  Ø=-1.00%  Compound=-71.34%
Vergleich Buy&Hold (einfach halten): -51.90%


========================================================================================================================
COIN ARBUSDT | RANDOM | Zufalls-Käufe (unabhängig von BTC) | Hold 24h, 48h, 96h, 192h | 614 Trades
Buy&Hold über Zeitraum: 2025-02-04 20:00:00 UTC → 2026-09-27 19:00:00 UTC | ROI -51.90%
========================================================================================================================
   24h: n=269  %pos=   46%  Ø=+0.07%  Compound=-23.55%
   48h: n=176  %pos=   46%  Ø=-0.31%  Compound=-63.36%
   96h: n=106  %pos=   44%  Ø=+0.22%  Compound=-37.85%
  192h: n=63  %pos=   56%  Ø=+1.70%  Compound=-2.54%
Vergleich Buy&Hold (einfach halten): -51.90%

--- [36/64] lade ETCUSDT …
